cl/triskeledu/pedidos/dto/request/PedidoItemRequestDTO$PedidoItemRequestDTOBuilder.class
cl/triskeledu/pedidos/RestaurantPedidosApplication.class
cl/triskeledu/pedidos/dto/request/PedidoEstadoRequestDTO$PedidoEstadoRequestDTOBuilder.class
cl/triskeledu/pedidos/dto/response/PedidoItemResponseDTO.class
cl/triskeledu/pedidos/client/AuthFeignClient.class
cl/triskeledu/pedidos/mapper/PedidoMapper.class
cl/triskeledu/pedidos/listener/SucursalEventListener.class
cl/triskeledu/pedidos/controller/PedidoController.class
cl/triskeledu/pedidos/listener/MenuItemEventListener.class
cl/triskeledu/pedidos/entity/PedidoItem$PedidoItemBuilder.class
cl/triskeledu/pedidos/dto/response/PermisoResponseDTO.class
cl/triskeledu/pedidos/repository/CarritoProyeccionRepository.class
cl/triskeledu/pedidos/client/MenuItemClient.class
cl/triskeledu/pedidos/dto/response/PedidoResponseDTO.class
cl/triskeledu/pedidos/exception/PedidoNotFoundException.class
cl/triskeledu/pedidos/proyecciones/ClienteProyeccion.class
cl/triskeledu/pedidos/dto/response/PedidoItemResponseDTO$PedidoItemResponseDTOBuilder.class
cl/triskeledu/pedidos/service/impl/PedidoServiceImpl.class
cl/triskeledu/pedidos/repository/MenuItemProyeccionRepository.class
cl/triskeledu/pedidos/repository/SucursalProyeccionRepository.class
cl/triskeledu/pedidos/proyecciones/SucursalProyeccion.class
cl/triskeledu/pedidos/dto/request/PedidoItemRequestDTO.class
cl/triskeledu/pedidos/service/PedidoService.class
cl/triskeledu/pedidos/entity/Pedido.class
cl/triskeledu/pedidos/entity/PedidoItem.class
cl/triskeledu/pedidos/dto/request/PedidoRequestDTO.class
cl/triskeledu/pedidos/exception/AccesoDenegadoException.class
cl/triskeledu/pedidos/entity/enums/EstadoPedido.class
cl/triskeledu/pedidos/dto/request/PedidoEstadoRequestDTO.class
cl/triskeledu/pedidos/proyecciones/CarritoProyeccion.class
cl/triskeledu/pedidos/exception/GlobalExceptionHandler.class
cl/triskeledu/pedidos/dto/response/PermisoResponseDTO$PermisoResponseDTOBuilder.class
cl/triskeledu/pedidos/exception/EstadoInvalidoException.class
cl/triskeledu/pedidos/entity/Pedido$PedidoBuilder.class
cl/triskeledu/pedidos/repository/PedidoRepository.class
cl/triskeledu/pedidos/dto/event/SucursalEventDTO.class
cl/triskeledu/pedidos/proyecciones/CarritoProyeccion$CarritoProyeccionBuilder.class
cl/triskeledu/pedidos/entity/enums/TipoPedido.class
cl/triskeledu/pedidos/client/dto/MenuItemClientResponseDTO.class
cl/triskeledu/pedidos/mapper/PedidoMapperImpl.class
cl/triskeledu/pedidos/proyecciones/ClienteProyeccion$ClienteProyeccionBuilder.class
cl/triskeledu/pedidos/dto/event/MenuItemEventDTO.class
cl/triskeledu/pedidos/config/CorsConfig.class
cl/triskeledu/pedidos/proyecciones/MenuItemProyeccion.class
cl/triskeledu/pedidos/repository/ClienteProyeccionRepository.class
cl/triskeledu/pedidos/dto/request/PedidoRequestDTO$PedidoRequestDTOBuilder.class
cl/triskeledu/pedidos/dto/event/PedidoEventDTO.class
cl/triskeledu/pedidos/dto/response/PedidoResponseDTO$PedidoResponseDTOBuilder.class
