/home/nodead/Escritorio/Restaurant-FullStack-Proyect/Restaurant/ms-pedidos/src/main/java/cl/triskeledu/pedidos/exception/AccesoDenegadoException.java
/home/nodead/Escritorio/Restaurant-FullStack-Proyect/Restaurant/ms-pedidos/src/main/java/cl/triskeledu/pedidos/service/impl/PedidoServiceImpl.java
/home/nodead/Escritorio/Restaurant-FullStack-Proyect/Restaurant/ms-pedidos/src/main/java/cl/triskeledu/pedidos/proyecciones/ClienteProyeccion.java
/home/nodead/Escritorio/Restaurant-FullStack-Proyect/Restaurant/ms-pedidos/src/main/java/cl/triskeledu/pedidos/config/CorsConfig.java
/home/nodead/Escritorio/Restaurant-FullStack-Proyect/Restaurant/ms-pedidos/src/main/java/cl/triskeledu/pedidos/repository/SucursalProyeccionRepository.java
/home/nodead/Escritorio/Restaurant-FullStack-Proyect/Restaurant/ms-pedidos/src/main/java/cl/triskeledu/pedidos/entity/enums/EstadoPedido.java
/home/nodead/Escritorio/Restaurant-FullStack-Proyect/Restaurant/ms-pedidos/src/main/java/cl/triskeledu/pedidos/dto/response/PermisoResponseDTO.java
/home/nodead/Escritorio/Restaurant-FullStack-Proyect/Restaurant/ms-pedidos/src/main/java/cl/triskeledu/pedidos/controller/PedidoController.java
/home/nodead/Escritorio/Restaurant-FullStack-Proyect/Restaurant/ms-pedidos/src/main/java/cl/triskeledu/pedidos/exception/EstadoInvalidoException.java
/home/nodead/Escritorio/Restaurant-FullStack-Proyect/Restaurant/ms-pedidos/src/main/java/cl/triskeledu/pedidos/mapper/PedidoMapper.java
/home/nodead/Escritorio/Restaurant-FullStack-Proyect/Restaurant/ms-pedidos/src/main/java/cl/triskeledu/pedidos/entity/enums/TipoPedido.java
/home/nodead/Escritorio/Restaurant-FullStack-Proyect/Restaurant/ms-pedidos/src/main/java/cl/triskeledu/pedidos/entity/PedidoItem.java
/home/nodead/Escritorio/Restaurant-FullStack-Proyect/Restaurant/ms-pedidos/src/main/java/cl/triskeledu/pedidos/proyecciones/SucursalProyeccion.java
/home/nodead/Escritorio/Restaurant-FullStack-Proyect/Restaurant/ms-pedidos/src/main/java/cl/triskeledu/pedidos/dto/request/PedidoRequestDTO.java
/home/nodead/Escritorio/Restaurant-FullStack-Proyect/Restaurant/ms-pedidos/src/main/java/cl/triskeledu/pedidos/exception/PedidoNotFoundException.java
/home/nodead/Escritorio/Restaurant-FullStack-Proyect/Restaurant/ms-pedidos/src/main/java/cl/triskeledu/pedidos/repository/PedidoRepository.java
/home/nodead/Escritorio/Restaurant-FullStack-Proyect/Restaurant/ms-pedidos/src/main/java/cl/triskeledu/pedidos/proyecciones/MenuItemProyeccion.java
/home/nodead/Escritorio/Restaurant-FullStack-Proyect/Restaurant/ms-pedidos/src/main/java/cl/triskeledu/pedidos/repository/MenuItemProyeccionRepository.java
/home/nodead/Escritorio/Restaurant-FullStack-Proyect/Restaurant/ms-pedidos/src/main/java/cl/triskeledu/pedidos/entity/Pedido.java
/home/nodead/Escritorio/Restaurant-FullStack-Proyect/Restaurant/ms-pedidos/src/main/java/cl/triskeledu/pedidos/listener/MenuItemEventListener.java
/home/nodead/Escritorio/Restaurant-FullStack-Proyect/Restaurant/ms-pedidos/src/main/java/cl/triskeledu/pedidos/client/MenuItemClient.java
/home/nodead/Escritorio/Restaurant-FullStack-Proyect/Restaurant/ms-pedidos/src/main/java/cl/triskeledu/pedidos/RestaurantPedidosApplication.java
/home/nodead/Escritorio/Restaurant-FullStack-Proyect/Restaurant/ms-pedidos/src/main/java/cl/triskeledu/pedidos/client/dto/MenuItemClientResponseDTO.java
/home/nodead/Escritorio/Restaurant-FullStack-Proyect/Restaurant/ms-pedidos/src/main/java/cl/triskeledu/pedidos/client/AuthFeignClient.java
/home/nodead/Escritorio/Restaurant-FullStack-Proyect/Restaurant/ms-pedidos/src/main/java/cl/triskeledu/pedidos/proyecciones/CarritoProyeccion.java
/home/nodead/Escritorio/Restaurant-FullStack-Proyect/Restaurant/ms-pedidos/src/main/java/cl/triskeledu/pedidos/dto/response/PedidoResponseDTO.java
/home/nodead/Escritorio/Restaurant-FullStack-Proyect/Restaurant/ms-pedidos/src/main/java/cl/triskeledu/pedidos/dto/request/PedidoEstadoRequestDTO.java
/home/nodead/Escritorio/Restaurant-FullStack-Proyect/Restaurant/ms-pedidos/src/main/java/cl/triskeledu/pedidos/dto/request/PedidoItemRequestDTO.java
/home/nodead/Escritorio/Restaurant-FullStack-Proyect/Restaurant/ms-pedidos/src/main/java/cl/triskeledu/pedidos/dto/event/PedidoEventDTO.java
/home/nodead/Escritorio/Restaurant-FullStack-Proyect/Restaurant/ms-pedidos/src/main/java/cl/triskeledu/pedidos/dto/event/SucursalEventDTO.java
/home/nodead/Escritorio/Restaurant-FullStack-Proyect/Restaurant/ms-pedidos/src/main/java/cl/triskeledu/pedidos/exception/GlobalExceptionHandler.java
/home/nodead/Escritorio/Restaurant-FullStack-Proyect/Restaurant/ms-pedidos/src/main/java/cl/triskeledu/pedidos/repository/ClienteProyeccionRepository.java
/home/nodead/Escritorio/Restaurant-FullStack-Proyect/Restaurant/ms-pedidos/src/main/java/cl/triskeledu/pedidos/service/PedidoService.java
/home/nodead/Escritorio/Restaurant-FullStack-Proyect/Restaurant/ms-pedidos/src/main/java/cl/triskeledu/pedidos/dto/response/PedidoItemResponseDTO.java
/home/nodead/Escritorio/Restaurant-FullStack-Proyect/Restaurant/ms-pedidos/src/main/java/cl/triskeledu/pedidos/repository/CarritoProyeccionRepository.java
/home/nodead/Escritorio/Restaurant-FullStack-Proyect/Restaurant/ms-pedidos/src/main/java/cl/triskeledu/pedidos/dto/event/MenuItemEventDTO.java
/home/nodead/Escritorio/Restaurant-FullStack-Proyect/Restaurant/ms-pedidos/src/main/java/cl/triskeledu/pedidos/listener/SucursalEventListener.java
