cl/triskeledu/pagos/dto/request/PagoRequestDTO$PagoRequestDTOBuilder.class
cl/triskeledu/pagos/listener/PedidoEventListener.class
cl/triskeledu/pagos/controller/PagoController.class
cl/triskeledu/pagos/dto/response/PagoResponseDTO$PagoResponseDTOBuilder.class
cl/triskeledu/pagos/RestaurantPagosApplication.class
cl/triskeledu/pagos/exception/AccesoDenegadoException.class
cl/triskeledu/pagos/config/CorsConfig.class
cl/triskeledu/pagos/dto/response/PermisoResponseDTO$PermisoResponseDTOBuilder.class
cl/triskeledu/pagos/exception/PagoNotFoundException.class
cl/triskeledu/pagos/dto/response/PermisoResponseDTO.class
cl/triskeledu/pagos/dto/request/PagoRequestDTO.class
cl/triskeledu/pagos/entity/enums/MetodoPago.class
cl/triskeledu/pagos/entity/Pago$PagoBuilder.class
cl/triskeledu/pagos/dto/event/PagoEventDTO$PagoEventDTOBuilder.class
cl/triskeledu/pagos/exception/EstadoPagoInvalidoException.class
cl/triskeledu/pagos/dto/event/PagoEventDTO.class
cl/triskeledu/pagos/mapper/PagoMapper.class
cl/triskeledu/pagos/proyecciones/PedidoProyeccion.class
cl/triskeledu/pagos/service/impl/PagoServiceImpl.class
cl/triskeledu/pagos/dto/response/PagoResponseDTO.class
cl/triskeledu/pagos/client/AuthFeignClient.class
cl/triskeledu/pagos/entity/Pago.class
cl/triskeledu/pagos/repository/PedidoProyeccionRepository.class
cl/triskeledu/pagos/repository/PagoRepository.class
cl/triskeledu/pagos/mapper/PagoMapperImpl.class
cl/triskeledu/pagos/dto/event/PedidoEventDTO.class
cl/triskeledu/pagos/exception/GlobalExceptionHandler.class
cl/triskeledu/pagos/entity/enums/EstadoPago.class
cl/triskeledu/pagos/service/PagoService.class
