/home/nodead/Escritorio/Restaurant-FullStack-Proyect/Restaurant/ms-pagos/src/main/java/cl/triskeledu/pagos/service/PagoService.java
/home/nodead/Escritorio/Restaurant-FullStack-Proyect/Restaurant/ms-pagos/src/main/java/cl/triskeledu/pagos/dto/response/PagoResponseDTO.java
/home/nodead/Escritorio/Restaurant-FullStack-Proyect/Restaurant/ms-pagos/src/main/java/cl/triskeledu/pagos/client/AuthFeignClient.java
/home/nodead/Escritorio/Restaurant-FullStack-Proyect/Restaurant/ms-pagos/src/main/java/cl/triskeledu/pagos/dto/response/PermisoResponseDTO.java
/home/nodead/Escritorio/Restaurant-FullStack-Proyect/Restaurant/ms-pagos/src/main/java/cl/triskeledu/pagos/dto/event/PagoEventDTO.java
/home/nodead/Escritorio/Restaurant-FullStack-Proyect/Restaurant/ms-pagos/src/main/java/cl/triskeledu/pagos/mapper/PagoMapper.java
/home/nodead/Escritorio/Restaurant-FullStack-Proyect/Restaurant/ms-pagos/src/main/java/cl/triskeledu/pagos/repository/PagoRepository.java
/home/nodead/Escritorio/Restaurant-FullStack-Proyect/Restaurant/ms-pagos/src/main/java/cl/triskeledu/pagos/dto/request/PagoRequestDTO.java
/home/nodead/Escritorio/Restaurant-FullStack-Proyect/Restaurant/ms-pagos/src/main/java/cl/triskeledu/pagos/entity/enums/MetodoPago.java
/home/nodead/Escritorio/Restaurant-FullStack-Proyect/Restaurant/ms-pagos/src/main/java/cl/triskeledu/pagos/exception/PagoNotFoundException.java
/home/nodead/Escritorio/Restaurant-FullStack-Proyect/Restaurant/ms-pagos/src/main/java/cl/triskeledu/pagos/config/CorsConfig.java
/home/nodead/Escritorio/Restaurant-FullStack-Proyect/Restaurant/ms-pagos/src/main/java/cl/triskeledu/pagos/entity/Pago.java
/home/nodead/Escritorio/Restaurant-FullStack-Proyect/Restaurant/ms-pagos/src/main/java/cl/triskeledu/pagos/proyecciones/PedidoProyeccion.java
/home/nodead/Escritorio/Restaurant-FullStack-Proyect/Restaurant/ms-pagos/src/main/java/cl/triskeledu/pagos/entity/enums/EstadoPago.java
/home/nodead/Escritorio/Restaurant-FullStack-Proyect/Restaurant/ms-pagos/src/main/java/cl/triskeledu/pagos/controller/PagoController.java
/home/nodead/Escritorio/Restaurant-FullStack-Proyect/Restaurant/ms-pagos/src/main/java/cl/triskeledu/pagos/dto/event/PedidoEventDTO.java
/home/nodead/Escritorio/Restaurant-FullStack-Proyect/Restaurant/ms-pagos/src/main/java/cl/triskeledu/pagos/exception/GlobalExceptionHandler.java
/home/nodead/Escritorio/Restaurant-FullStack-Proyect/Restaurant/ms-pagos/src/main/java/cl/triskeledu/pagos/repository/PedidoProyeccionRepository.java
/home/nodead/Escritorio/Restaurant-FullStack-Proyect/Restaurant/ms-pagos/src/main/java/cl/triskeledu/pagos/listener/PedidoEventListener.java
/home/nodead/Escritorio/Restaurant-FullStack-Proyect/Restaurant/ms-pagos/src/main/java/cl/triskeledu/pagos/exception/AccesoDenegadoException.java
/home/nodead/Escritorio/Restaurant-FullStack-Proyect/Restaurant/ms-pagos/src/main/java/cl/triskeledu/pagos/service/impl/PagoServiceImpl.java
/home/nodead/Escritorio/Restaurant-FullStack-Proyect/Restaurant/ms-pagos/src/main/java/cl/triskeledu/pagos/RestaurantPagosApplication.java
/home/nodead/Escritorio/Restaurant-FullStack-Proyect/Restaurant/ms-pagos/src/main/java/cl/triskeledu/pagos/exception/EstadoPagoInvalidoException.java
