cl/triskeledu/sucursales/dto/response/PermisoResponseDTO$PermisoResponseDTOBuilder.class
cl/triskeledu/sucursales/exception/GlobalExceptionHandler.class
cl/triskeledu/sucursales/repository/SucursalRepository.class
cl/triskeledu/sucursales/dto/request/SucursalRequestDTO$SucursalRequestDTOBuilder.class
cl/triskeledu/sucursales/dto/request/SucursalRequestDTO.class
cl/triskeledu/sucursales/config/CorsConfig.class
cl/triskeledu/sucursales/mapper/SucursalMapper.class
cl/triskeledu/sucursales/controller/SucursalController.class
cl/triskeledu/sucursales/exception/AccesoDenegadoException.class
cl/triskeledu/sucursales/exception/SucursalNotFoundException.class
cl/triskeledu/sucursales/entity/Sucursal$SucursalBuilder.class
cl/triskeledu/sucursales/service/impl/SucursalServiceImpl.class
cl/triskeledu/sucursales/mapper/SucursalMapperImpl.class
cl/triskeledu/sucursales/dto/response/SucursalResponseDTO$SucursalResponseDTOBuilder.class
cl/triskeledu/sucursales/client/AuthFeignClient.class
cl/triskeledu/sucursales/dto/response/PermisoResponseDTO.class
cl/triskeledu/sucursales/RestaurantSucursalesApplication.class
cl/triskeledu/sucursales/dto/response/SucursalResponseDTO.class
cl/triskeledu/sucursales/service/SucursalService.class
cl/triskeledu/sucursales/dto/event/SucursalEventDTO$SucursalEventDTOBuilder.class
cl/triskeledu/sucursales/dto/event/SucursalEventDTO.class
cl/triskeledu/sucursales/entity/Sucursal.class
