/home/nodead/Escritorio/Restaurant-FullStack-Proyect/Restaurant/ms-sucursales/src/main/java/cl/triskeledu/sucursales/RestaurantSucursalesApplication.java
/home/nodead/Escritorio/Restaurant-FullStack-Proyect/Restaurant/ms-sucursales/src/main/java/cl/triskeledu/sucursales/repository/SucursalRepository.java
/home/nodead/Escritorio/Restaurant-FullStack-Proyect/Restaurant/ms-sucursales/src/main/java/cl/triskeledu/sucursales/client/AuthFeignClient.java
/home/nodead/Escritorio/Restaurant-FullStack-Proyect/Restaurant/ms-sucursales/src/main/java/cl/triskeledu/sucursales/controller/SucursalController.java
/home/nodead/Escritorio/Restaurant-FullStack-Proyect/Restaurant/ms-sucursales/src/main/java/cl/triskeledu/sucursales/service/impl/SucursalServiceImpl.java
/home/nodead/Escritorio/Restaurant-FullStack-Proyect/Restaurant/ms-sucursales/src/main/java/cl/triskeledu/sucursales/dto/response/SucursalResponseDTO.java
/home/nodead/Escritorio/Restaurant-FullStack-Proyect/Restaurant/ms-sucursales/src/main/java/cl/triskeledu/sucursales/mapper/SucursalMapper.java
/home/nodead/Escritorio/Restaurant-FullStack-Proyect/Restaurant/ms-sucursales/src/main/java/cl/triskeledu/sucursales/service/SucursalService.java
/home/nodead/Escritorio/Restaurant-FullStack-Proyect/Restaurant/ms-sucursales/src/main/java/cl/triskeledu/sucursales/dto/event/SucursalEventDTO.java
/home/nodead/Escritorio/Restaurant-FullStack-Proyect/Restaurant/ms-sucursales/src/main/java/cl/triskeledu/sucursales/exception/GlobalExceptionHandler.java
/home/nodead/Escritorio/Restaurant-FullStack-Proyect/Restaurant/ms-sucursales/src/main/java/cl/triskeledu/sucursales/dto/response/PermisoResponseDTO.java
/home/nodead/Escritorio/Restaurant-FullStack-Proyect/Restaurant/ms-sucursales/src/main/java/cl/triskeledu/sucursales/exception/SucursalNotFoundException.java
/home/nodead/Escritorio/Restaurant-FullStack-Proyect/Restaurant/ms-sucursales/src/main/java/cl/triskeledu/sucursales/entity/Sucursal.java
/home/nodead/Escritorio/Restaurant-FullStack-Proyect/Restaurant/ms-sucursales/src/main/java/cl/triskeledu/sucursales/exception/AccesoDenegadoException.java
/home/nodead/Escritorio/Restaurant-FullStack-Proyect/Restaurant/ms-sucursales/src/main/java/cl/triskeledu/sucursales/dto/request/SucursalRequestDTO.java
/home/nodead/Escritorio/Restaurant-FullStack-Proyect/Restaurant/ms-sucursales/src/main/java/cl/triskeledu/sucursales/config/CorsConfig.java
