cl/triskeledu/notificaciones/repository/ClienteProyeccionRepository.class
cl/triskeledu/notificaciones/proyecciones/ClienteProyeccion.class
cl/triskeledu/notificaciones/dto/response/PermisoResponseDTO.class
cl/triskeledu/notificaciones/dto/request/NotificacionRequestDTO.class
cl/triskeledu/notificaciones/service/NotificacionService.class
cl/triskeledu/notificaciones/dto/event/PedidoEventDTO$PedidoEventDTOBuilder.class
cl/triskeledu/notificaciones/proyecciones/ClienteProyeccion$ClienteProyeccionBuilder.class
cl/triskeledu/notificaciones/RestaurantNotificacionesApplication.class
cl/triskeledu/notificaciones/mapper/NotificacionMapper.class
cl/triskeledu/notificaciones/dto/request/NotificacionRequestDTO$NotificacionRequestDTOBuilder.class
cl/triskeledu/notificaciones/entity/Notificacion.class
cl/triskeledu/notificaciones/mapper/NotificacionMapperImpl.class
cl/triskeledu/notificaciones/entity/enums/EstadoNotificacion.class
cl/triskeledu/notificaciones/dto/response/PermisoResponseDTO$PermisoResponseDTOBuilder.class
cl/triskeledu/notificaciones/exception/GlobalExceptionHandler.class
cl/triskeledu/notificaciones/dto/event/DeliveryEventDTO$DeliveryEventDTOBuilder.class
cl/triskeledu/notificaciones/entity/Notificacion$NotificacionBuilder.class
cl/triskeledu/notificaciones/dto/response/NotificacionResponseDTO.class
cl/triskeledu/notificaciones/listener/NotificationEventListener.class
cl/triskeledu/notificaciones/exception/NotificacionNotFoundException.class
cl/triskeledu/notificaciones/dto/event/DeliveryEventDTO.class
cl/triskeledu/notificaciones/repository/NotificacionRepository.class
cl/triskeledu/notificaciones/entity/enums/TipoNotificacion.class
cl/triskeledu/notificaciones/dto/event/PedidoEventDTO.class
cl/triskeledu/notificaciones/exception/AccesoDenegadoException.class
cl/triskeledu/notificaciones/config/CorsConfig.class
cl/triskeledu/notificaciones/service/impl/NotificacionServiceImpl.class
cl/triskeledu/notificaciones/controller/NotificacionController.class
cl/triskeledu/notificaciones/client/AuthFeignClient.class
cl/triskeledu/notificaciones/dto/response/NotificacionResponseDTO$NotificacionResponseDTOBuilder.class
