/home/nodead/Escritorio/Restaurant-FullStack-Proyect/Restaurant/ms-notificaciones/src/main/java/cl/triskeledu/notificaciones/dto/event/DeliveryEventDTO.java
/home/nodead/Escritorio/Restaurant-FullStack-Proyect/Restaurant/ms-notificaciones/src/main/java/cl/triskeledu/notificaciones/exception/GlobalExceptionHandler.java
/home/nodead/Escritorio/Restaurant-FullStack-Proyect/Restaurant/ms-notificaciones/src/main/java/cl/triskeledu/notificaciones/dto/response/PermisoResponseDTO.java
/home/nodead/Escritorio/Restaurant-FullStack-Proyect/Restaurant/ms-notificaciones/src/main/java/cl/triskeledu/notificaciones/dto/request/NotificacionRequestDTO.java
/home/nodead/Escritorio/Restaurant-FullStack-Proyect/Restaurant/ms-notificaciones/src/main/java/cl/triskeledu/notificaciones/dto/event/PedidoEventDTO.java
/home/nodead/Escritorio/Restaurant-FullStack-Proyect/Restaurant/ms-notificaciones/src/main/java/cl/triskeledu/notificaciones/config/CorsConfig.java
/home/nodead/Escritorio/Restaurant-FullStack-Proyect/Restaurant/ms-notificaciones/src/main/java/cl/triskeledu/notificaciones/repository/NotificacionRepository.java
/home/nodead/Escritorio/Restaurant-FullStack-Proyect/Restaurant/ms-notificaciones/src/main/java/cl/triskeledu/notificaciones/RestaurantNotificacionesApplication.java
/home/nodead/Escritorio/Restaurant-FullStack-Proyect/Restaurant/ms-notificaciones/src/main/java/cl/triskeledu/notificaciones/controller/NotificacionController.java
/home/nodead/Escritorio/Restaurant-FullStack-Proyect/Restaurant/ms-notificaciones/src/main/java/cl/triskeledu/notificaciones/exception/NotificacionNotFoundException.java
/home/nodead/Escritorio/Restaurant-FullStack-Proyect/Restaurant/ms-notificaciones/src/main/java/cl/triskeledu/notificaciones/mapper/NotificacionMapper.java
/home/nodead/Escritorio/Restaurant-FullStack-Proyect/Restaurant/ms-notificaciones/src/main/java/cl/triskeledu/notificaciones/service/NotificacionService.java
/home/nodead/Escritorio/Restaurant-FullStack-Proyect/Restaurant/ms-notificaciones/src/main/java/cl/triskeledu/notificaciones/entity/enums/EstadoNotificacion.java
/home/nodead/Escritorio/Restaurant-FullStack-Proyect/Restaurant/ms-notificaciones/src/main/java/cl/triskeledu/notificaciones/listener/NotificationEventListener.java
/home/nodead/Escritorio/Restaurant-FullStack-Proyect/Restaurant/ms-notificaciones/src/main/java/cl/triskeledu/notificaciones/entity/enums/TipoNotificacion.java
/home/nodead/Escritorio/Restaurant-FullStack-Proyect/Restaurant/ms-notificaciones/src/main/java/cl/triskeledu/notificaciones/repository/ClienteProyeccionRepository.java
/home/nodead/Escritorio/Restaurant-FullStack-Proyect/Restaurant/ms-notificaciones/src/main/java/cl/triskeledu/notificaciones/proyecciones/ClienteProyeccion.java
/home/nodead/Escritorio/Restaurant-FullStack-Proyect/Restaurant/ms-notificaciones/src/main/java/cl/triskeledu/notificaciones/entity/Notificacion.java
/home/nodead/Escritorio/Restaurant-FullStack-Proyect/Restaurant/ms-notificaciones/src/main/java/cl/triskeledu/notificaciones/exception/AccesoDenegadoException.java
/home/nodead/Escritorio/Restaurant-FullStack-Proyect/Restaurant/ms-notificaciones/src/main/java/cl/triskeledu/notificaciones/service/impl/NotificacionServiceImpl.java
/home/nodead/Escritorio/Restaurant-FullStack-Proyect/Restaurant/ms-notificaciones/src/main/java/cl/triskeledu/notificaciones/client/AuthFeignClient.java
/home/nodead/Escritorio/Restaurant-FullStack-Proyect/Restaurant/ms-notificaciones/src/main/java/cl/triskeledu/notificaciones/dto/response/NotificacionResponseDTO.java
