cl/triskeledu/reportes/mapper/ReporteMapperImpl.class
cl/triskeledu/reportes/repository/ReporteSnapshotRepository.class
cl/triskeledu/reportes/entity/ReporteSnapshot$ReporteSnapshotBuilder.class
cl/triskeledu/reportes/dto/response/ReporteSnapshotResponseDTO$ReporteSnapshotResponseDTOBuilder.class
cl/triskeledu/reportes/dto/event/PedidoEventDTO.class
cl/triskeledu/reportes/listener/ReportEventListener.class
cl/triskeledu/reportes/client/AuthFeignClient.class
cl/triskeledu/reportes/controller/ReporteController.class
cl/triskeledu/reportes/dto/request/FiltroReporteDTO.class
cl/triskeledu/reportes/dto/request/FiltroReporteDTO$FiltroReporteDTOBuilder.class
cl/triskeledu/reportes/exception/ReporteNoGeneradoException.class
cl/triskeledu/reportes/dto/response/ReporteSnapshotResponseDTO.class
cl/triskeledu/reportes/entity/enums/TipoReporte.class
cl/triskeledu/reportes/config/CorsConfig.class
cl/triskeledu/reportes/dto/response/PermisoResponseDTO$PermisoResponseDTOBuilder.class
cl/triskeledu/reportes/dto/event/PagoEventDTO.class
cl/triskeledu/reportes/entity/ReporteSnapshot.class
cl/triskeledu/reportes/RestaurantReportesApplication.class
cl/triskeledu/reportes/mapper/ReporteMapper.class
cl/triskeledu/reportes/exception/GlobalExceptionHandler.class
cl/triskeledu/reportes/exception/AccesoDenegadoException.class
cl/triskeledu/reportes/service/impl/ReporteServiceImpl$1.class
cl/triskeledu/reportes/service/impl/ReporteServiceImpl.class
cl/triskeledu/reportes/service/ReporteService.class
cl/triskeledu/reportes/client/PagoClient.class
cl/triskeledu/reportes/dto/event/PedidoEventDTO$PedidoEventDTOBuilder.class
cl/triskeledu/reportes/dto/event/PagoEventDTO$PagoEventDTOBuilder.class
cl/triskeledu/reportes/client/PedidoClient.class
cl/triskeledu/reportes/dto/response/PermisoResponseDTO.class
