/home/nodead/Escritorio/Restaurant-FullStack-Proyect/Restaurant/ms-reportes/src/main/java/cl/triskeledu/reportes/exception/GlobalExceptionHandler.java
/home/nodead/Escritorio/Restaurant-FullStack-Proyect/Restaurant/ms-reportes/src/main/java/cl/triskeledu/reportes/dto/response/PermisoResponseDTO.java
/home/nodead/Escritorio/Restaurant-FullStack-Proyect/Restaurant/ms-reportes/src/main/java/cl/triskeledu/reportes/service/ReporteService.java
/home/nodead/Escritorio/Restaurant-FullStack-Proyect/Restaurant/ms-reportes/src/main/java/cl/triskeledu/reportes/dto/event/PagoEventDTO.java
/home/nodead/Escritorio/Restaurant-FullStack-Proyect/Restaurant/ms-reportes/src/main/java/cl/triskeledu/reportes/client/PedidoClient.java
/home/nodead/Escritorio/Restaurant-FullStack-Proyect/Restaurant/ms-reportes/src/main/java/cl/triskeledu/reportes/RestaurantReportesApplication.java
/home/nodead/Escritorio/Restaurant-FullStack-Proyect/Restaurant/ms-reportes/src/main/java/cl/triskeledu/reportes/client/PagoClient.java
/home/nodead/Escritorio/Restaurant-FullStack-Proyect/Restaurant/ms-reportes/src/main/java/cl/triskeledu/reportes/dto/event/PedidoEventDTO.java
/home/nodead/Escritorio/Restaurant-FullStack-Proyect/Restaurant/ms-reportes/src/main/java/cl/triskeledu/reportes/exception/AccesoDenegadoException.java
/home/nodead/Escritorio/Restaurant-FullStack-Proyect/Restaurant/ms-reportes/src/main/java/cl/triskeledu/reportes/client/AuthFeignClient.java
/home/nodead/Escritorio/Restaurant-FullStack-Proyect/Restaurant/ms-reportes/src/main/java/cl/triskeledu/reportes/mapper/ReporteMapper.java
/home/nodead/Escritorio/Restaurant-FullStack-Proyect/Restaurant/ms-reportes/src/main/java/cl/triskeledu/reportes/dto/response/ReporteSnapshotResponseDTO.java
/home/nodead/Escritorio/Restaurant-FullStack-Proyect/Restaurant/ms-reportes/src/main/java/cl/triskeledu/reportes/controller/ReporteController.java
/home/nodead/Escritorio/Restaurant-FullStack-Proyect/Restaurant/ms-reportes/src/main/java/cl/triskeledu/reportes/dto/request/FiltroReporteDTO.java
/home/nodead/Escritorio/Restaurant-FullStack-Proyect/Restaurant/ms-reportes/src/main/java/cl/triskeledu/reportes/entity/enums/TipoReporte.java
/home/nodead/Escritorio/Restaurant-FullStack-Proyect/Restaurant/ms-reportes/src/main/java/cl/triskeledu/reportes/repository/ReporteSnapshotRepository.java
/home/nodead/Escritorio/Restaurant-FullStack-Proyect/Restaurant/ms-reportes/src/main/java/cl/triskeledu/reportes/entity/ReporteSnapshot.java
/home/nodead/Escritorio/Restaurant-FullStack-Proyect/Restaurant/ms-reportes/src/main/java/cl/triskeledu/reportes/config/CorsConfig.java
/home/nodead/Escritorio/Restaurant-FullStack-Proyect/Restaurant/ms-reportes/src/main/java/cl/triskeledu/reportes/exception/ReporteNoGeneradoException.java
/home/nodead/Escritorio/Restaurant-FullStack-Proyect/Restaurant/ms-reportes/src/main/java/cl/triskeledu/reportes/service/impl/ReporteServiceImpl.java
/home/nodead/Escritorio/Restaurant-FullStack-Proyect/Restaurant/ms-reportes/src/main/java/cl/triskeledu/reportes/listener/ReportEventListener.java
