/home/nodead/Escritorio/Restaurant-FullStack-Proyect/Restaurant/ms-inventario/src/main/java/cl/triskeledu/inventario/dto/request/MovimientoRequestDTO.java
/home/nodead/Escritorio/Restaurant-FullStack-Proyect/Restaurant/ms-inventario/src/main/java/cl/triskeledu/inventario/RestaurantInventarioApplication.java
/home/nodead/Escritorio/Restaurant-FullStack-Proyect/Restaurant/ms-inventario/src/main/java/cl/triskeledu/inventario/exception/InsumoDuplicadoException.java
/home/nodead/Escritorio/Restaurant-FullStack-Proyect/Restaurant/ms-inventario/src/main/java/cl/triskeledu/inventario/controller/InventarioController.java
/home/nodead/Escritorio/Restaurant-FullStack-Proyect/Restaurant/ms-inventario/src/main/java/cl/triskeledu/inventario/dto/response/PermisoResponseDTO.java
/home/nodead/Escritorio/Restaurant-FullStack-Proyect/Restaurant/ms-inventario/src/main/java/cl/triskeledu/inventario/dto/event/PedidoEventDTO.java
/home/nodead/Escritorio/Restaurant-FullStack-Proyect/Restaurant/ms-inventario/src/main/java/cl/triskeledu/inventario/repository/InsumoRepository.java
/home/nodead/Escritorio/Restaurant-FullStack-Proyect/Restaurant/ms-inventario/src/main/java/cl/triskeledu/inventario/exception/InsumoNotFoundException.java
/home/nodead/Escritorio/Restaurant-FullStack-Proyect/Restaurant/ms-inventario/src/main/java/cl/triskeledu/inventario/exception/StockInsuficienteException.java
/home/nodead/Escritorio/Restaurant-FullStack-Proyect/Restaurant/ms-inventario/src/main/java/cl/triskeledu/inventario/mapper/InventarioMapper.java
/home/nodead/Escritorio/Restaurant-FullStack-Proyect/Restaurant/ms-inventario/src/main/java/cl/triskeledu/inventario/entity/MovimientoInventario.java
/home/nodead/Escritorio/Restaurant-FullStack-Proyect/Restaurant/ms-inventario/src/main/java/cl/triskeledu/inventario/service/impl/InventarioServiceImpl.java
/home/nodead/Escritorio/Restaurant-FullStack-Proyect/Restaurant/ms-inventario/src/main/java/cl/triskeledu/inventario/dto/response/MovimientoResponseDTO.java
/home/nodead/Escritorio/Restaurant-FullStack-Proyect/Restaurant/ms-inventario/src/main/java/cl/triskeledu/inventario/entity/enums/TipoMovimiento.java
/home/nodead/Escritorio/Restaurant-FullStack-Proyect/Restaurant/ms-inventario/src/main/java/cl/triskeledu/inventario/listener/PedidoEventListener.java
/home/nodead/Escritorio/Restaurant-FullStack-Proyect/Restaurant/ms-inventario/src/main/java/cl/triskeledu/inventario/dto/event/StockEventDTO.java
/home/nodead/Escritorio/Restaurant-FullStack-Proyect/Restaurant/ms-inventario/src/main/java/cl/triskeledu/inventario/repository/MovimientoRepository.java
/home/nodead/Escritorio/Restaurant-FullStack-Proyect/Restaurant/ms-inventario/src/main/java/cl/triskeledu/inventario/service/InventarioService.java
/home/nodead/Escritorio/Restaurant-FullStack-Proyect/Restaurant/ms-inventario/src/main/java/cl/triskeledu/inventario/exception/AccesoDenegadoException.java
/home/nodead/Escritorio/Restaurant-FullStack-Proyect/Restaurant/ms-inventario/src/main/java/cl/triskeledu/inventario/client/AuthFeignClient.java
/home/nodead/Escritorio/Restaurant-FullStack-Proyect/Restaurant/ms-inventario/src/main/java/cl/triskeledu/inventario/dto/request/InsumoRequestDTO.java
/home/nodead/Escritorio/Restaurant-FullStack-Proyect/Restaurant/ms-inventario/src/main/java/cl/triskeledu/inventario/entity/Insumo.java
/home/nodead/Escritorio/Restaurant-FullStack-Proyect/Restaurant/ms-inventario/src/main/java/cl/triskeledu/inventario/exception/GlobalExceptionHandler.java
/home/nodead/Escritorio/Restaurant-FullStack-Proyect/Restaurant/ms-inventario/src/main/java/cl/triskeledu/inventario/dto/response/InsumoResponseDTO.java
/home/nodead/Escritorio/Restaurant-FullStack-Proyect/Restaurant/ms-inventario/src/main/java/cl/triskeledu/inventario/config/CorsConfig.java
