cl/triskeledu/auth/entity/Usuario.class
cl/triskeledu/auth/dto/request/LoginRequestDTO$LoginRequestDTOBuilder.class
cl/triskeledu/auth/exception/TokenInvalidoException.class
cl/triskeledu/auth/controller/UsuarioController.class
cl/triskeledu/auth/dto/response/PermisoResponseDTO$PermisoResponseDTOBuilder.class
cl/triskeledu/auth/dto/response/PermisoResponseDTO.class
cl/triskeledu/auth/security/JwtAuthFilter.class
cl/triskeledu/auth/dto/response/AuthResponseDTO$AuthResponseDTOBuilder.class
cl/triskeledu/auth/dto/request/RegisterRequestDTO$RegisterRequestDTOBuilder.class
cl/triskeledu/auth/mapper/UsuarioMapperImpl.class
cl/triskeledu/auth/dto/request/UsuarioRequestDTO.class
cl/triskeledu/auth/entity/Usuario$UsuarioBuilder.class
cl/triskeledu/auth/dto/request/RefreshTokenRequestDTO.class
cl/triskeledu/auth/dto/event/AuthEventDTO.class
cl/triskeledu/auth/service/impl/UsuarioServiceImpl.class
cl/triskeledu/auth/exception/CredencialYaVinculadaException.class
cl/triskeledu/auth/service/RefreshTokenService.class
cl/triskeledu/auth/RestaurantAuthApplication.class
cl/triskeledu/auth/exception/CuentaDesactivadaException.class
cl/triskeledu/auth/dto/request/UsuarioRequestDTO$UsuarioRequestDTOBuilder.class
cl/triskeledu/auth/service/impl/JwtServiceImpl.class
cl/triskeledu/auth/exception/UsuarioYaExisteException.class
cl/triskeledu/auth/repository/UsuarioRepository.class
cl/triskeledu/auth/dto/request/RegisterRequestDTO.class
cl/triskeledu/auth/dto/request/LoginRequestDTO.class
cl/triskeledu/auth/service/impl/RefreshTokenServiceImpl.class
cl/triskeledu/auth/security/SecurityConfig.class
cl/triskeledu/auth/mapper/UsuarioMapper.class
cl/triskeledu/auth/service/impl/AuthServiceImpl.class
cl/triskeledu/auth/exception/GlobalExceptionHandler.class
cl/triskeledu/auth/dto/response/AuthResponseDTO.class
cl/triskeledu/auth/service/AuthService.class
cl/triskeledu/auth/config/SeedPasswordFixer.class
cl/triskeledu/auth/service/UsuarioService.class
cl/triskeledu/auth/dto/event/AuthEventDTO$AuthEventDTOBuilder.class
cl/triskeledu/auth/dto/request/RefreshTokenRequestDTO$RefreshTokenRequestDTOBuilder.class
cl/triskeledu/auth/exception/CredencialesInvalidasException.class
cl/triskeledu/auth/repository/UserCredentialRepository.class
cl/triskeledu/auth/dto/response/UsuarioResponseDTO.class
cl/triskeledu/auth/entity/UserCredential$UserCredentialBuilder.class
cl/triskeledu/auth/controller/AuthController$1.class
cl/triskeledu/auth/dto/response/UsuarioResponseDTO$UsuarioResponseDTOBuilder.class
cl/triskeledu/auth/entity/UserCredential.class
cl/triskeledu/auth/entity/enums/RolUsuario.class
cl/triskeledu/auth/exception/UsuarioNotFoundException.class
cl/triskeledu/auth/controller/AuthController.class
cl/triskeledu/auth/service/JwtService.class
