/home/nodead/Escritorio/Restaurant-FullStack-Proyect/Restaurant/ms-auth/src/main/java/cl/triskeledu/auth/dto/request/UsuarioRequestDTO.java
/home/nodead/Escritorio/Restaurant-FullStack-Proyect/Restaurant/ms-auth/src/main/java/cl/triskeledu/auth/dto/response/AuthResponseDTO.java
/home/nodead/Escritorio/Restaurant-FullStack-Proyect/Restaurant/ms-auth/src/main/java/cl/triskeledu/auth/exception/CredencialesInvalidasException.java
/home/nodead/Escritorio/Restaurant-FullStack-Proyect/Restaurant/ms-auth/src/main/java/cl/triskeledu/auth/service/UsuarioService.java
/home/nodead/Escritorio/Restaurant-FullStack-Proyect/Restaurant/ms-auth/src/main/java/cl/triskeledu/auth/service/impl/JwtServiceImpl.java
/home/nodead/Escritorio/Restaurant-FullStack-Proyect/Restaurant/ms-auth/src/main/java/cl/triskeledu/auth/security/JwtAuthFilter.java
/home/nodead/Escritorio/Restaurant-FullStack-Proyect/Restaurant/ms-auth/src/main/java/cl/triskeledu/auth/service/impl/RefreshTokenServiceImpl.java
/home/nodead/Escritorio/Restaurant-FullStack-Proyect/Restaurant/ms-auth/src/main/java/cl/triskeledu/auth/dto/request/LoginRequestDTO.java
/home/nodead/Escritorio/Restaurant-FullStack-Proyect/Restaurant/ms-auth/src/main/java/cl/triskeledu/auth/service/impl/AuthServiceImpl.java
/home/nodead/Escritorio/Restaurant-FullStack-Proyect/Restaurant/ms-auth/src/main/java/cl/triskeledu/auth/controller/UsuarioController.java
/home/nodead/Escritorio/Restaurant-FullStack-Proyect/Restaurant/ms-auth/src/main/java/cl/triskeledu/auth/exception/GlobalExceptionHandler.java
/home/nodead/Escritorio/Restaurant-FullStack-Proyect/Restaurant/ms-auth/src/main/java/cl/triskeledu/auth/RestaurantAuthApplication.java
/home/nodead/Escritorio/Restaurant-FullStack-Proyect/Restaurant/ms-auth/src/main/java/cl/triskeledu/auth/exception/CuentaDesactivadaException.java
/home/nodead/Escritorio/Restaurant-FullStack-Proyect/Restaurant/ms-auth/src/main/java/cl/triskeledu/auth/service/RefreshTokenService.java
/home/nodead/Escritorio/Restaurant-FullStack-Proyect/Restaurant/ms-auth/src/main/java/cl/triskeledu/auth/dto/response/PermisoResponseDTO.java
/home/nodead/Escritorio/Restaurant-FullStack-Proyect/Restaurant/ms-auth/src/main/java/cl/triskeledu/auth/exception/TokenInvalidoException.java
/home/nodead/Escritorio/Restaurant-FullStack-Proyect/Restaurant/ms-auth/src/main/java/cl/triskeledu/auth/service/impl/UsuarioServiceImpl.java
/home/nodead/Escritorio/Restaurant-FullStack-Proyect/Restaurant/ms-auth/src/main/java/cl/triskeledu/auth/dto/event/AuthEventDTO.java
/home/nodead/Escritorio/Restaurant-FullStack-Proyect/Restaurant/ms-auth/src/main/java/cl/triskeledu/auth/dto/request/RefreshTokenRequestDTO.java
/home/nodead/Escritorio/Restaurant-FullStack-Proyect/Restaurant/ms-auth/src/main/java/cl/triskeledu/auth/entity/UserCredential.java
/home/nodead/Escritorio/Restaurant-FullStack-Proyect/Restaurant/ms-auth/src/main/java/cl/triskeledu/auth/exception/CredencialYaVinculadaException.java
/home/nodead/Escritorio/Restaurant-FullStack-Proyect/Restaurant/ms-auth/src/main/java/cl/triskeledu/auth/service/AuthService.java
/home/nodead/Escritorio/Restaurant-FullStack-Proyect/Restaurant/ms-auth/src/main/java/cl/triskeledu/auth/service/JwtService.java
/home/nodead/Escritorio/Restaurant-FullStack-Proyect/Restaurant/ms-auth/src/main/java/cl/triskeledu/auth/config/SeedPasswordFixer.java
/home/nodead/Escritorio/Restaurant-FullStack-Proyect/Restaurant/ms-auth/src/main/java/cl/triskeledu/auth/dto/request/RegisterRequestDTO.java
/home/nodead/Escritorio/Restaurant-FullStack-Proyect/Restaurant/ms-auth/src/main/java/cl/triskeledu/auth/entity/Usuario.java
/home/nodead/Escritorio/Restaurant-FullStack-Proyect/Restaurant/ms-auth/src/main/java/cl/triskeledu/auth/repository/UsuarioRepository.java
/home/nodead/Escritorio/Restaurant-FullStack-Proyect/Restaurant/ms-auth/src/main/java/cl/triskeledu/auth/entity/enums/RolUsuario.java
/home/nodead/Escritorio/Restaurant-FullStack-Proyect/Restaurant/ms-auth/src/main/java/cl/triskeledu/auth/repository/UserCredentialRepository.java
/home/nodead/Escritorio/Restaurant-FullStack-Proyect/Restaurant/ms-auth/src/main/java/cl/triskeledu/auth/mapper/UsuarioMapper.java
/home/nodead/Escritorio/Restaurant-FullStack-Proyect/Restaurant/ms-auth/src/main/java/cl/triskeledu/auth/exception/UsuarioNotFoundException.java
/home/nodead/Escritorio/Restaurant-FullStack-Proyect/Restaurant/ms-auth/src/main/java/cl/triskeledu/auth/security/SecurityConfig.java
/home/nodead/Escritorio/Restaurant-FullStack-Proyect/Restaurant/ms-auth/src/main/java/cl/triskeledu/auth/controller/AuthController.java
/home/nodead/Escritorio/Restaurant-FullStack-Proyect/Restaurant/ms-auth/src/main/java/cl/triskeledu/auth/dto/response/UsuarioResponseDTO.java
/home/nodead/Escritorio/Restaurant-FullStack-Proyect/Restaurant/ms-auth/src/main/java/cl/triskeledu/auth/exception/UsuarioYaExisteException.java
