cl/triskeledu/carrito/dto/request/CarritoItemRequestDTO.class
cl/triskeledu/carrito/repository/CarritoRepository.class
cl/triskeledu/carrito/entity/CarritoItem$CarritoItemBuilder.class
cl/triskeledu/carrito/service/CarritoService.class
cl/triskeledu/carrito/dto/request/CarritoRequestDTO.class
cl/triskeledu/carrito/service/impl/CarritoServiceImpl.class
cl/triskeledu/carrito/mapper/CarritoMapper.class
cl/triskeledu/carrito/dto/request/CarritoRequestDTO$CarritoRequestDTOBuilder.class
cl/triskeledu/carrito/dto/event/AuthEventDTO.class
cl/triskeledu/carrito/dto/request/CarritoItemRequestDTO$CarritoItemRequestDTOBuilder.class
cl/triskeledu/carrito/exception/ItemNotFoundException.class
cl/triskeledu/carrito/RestaurantCarritoApplication.class
cl/triskeledu/carrito/dto/response/CarritoItemResponseDTO.class
cl/triskeledu/carrito/mapper/CarritoMapperImpl.class
cl/triskeledu/carrito/exception/GlobalExceptionHandler.class
cl/triskeledu/carrito/config/CorsConfig.class
cl/triskeledu/carrito/controller/CarritoController.class
cl/triskeledu/carrito/dto/response/CarritoResponseDTO$CarritoResponseDTOBuilder.class
cl/triskeledu/carrito/entity/Carrito.class
cl/triskeledu/carrito/proyecciones/ClienteProyeccion.class
cl/triskeledu/carrito/entity/Carrito$CarritoBuilder.class
cl/triskeledu/carrito/exception/AccesoDenegadoException.class
cl/triskeledu/carrito/dto/response/PermisoResponseDTO$PermisoResponseDTOBuilder.class
cl/triskeledu/carrito/proyecciones/ClienteProyeccion$ClienteProyeccionBuilder.class
cl/triskeledu/carrito/dto/event/ClienteEventDTO.class
cl/triskeledu/carrito/dto/response/CarritoItemResponseDTO$CarritoItemResponseDTOBuilder.class
cl/triskeledu/carrito/proyecciones/MenuItemKafkaListener.class
cl/triskeledu/carrito/entity/CarritoItem.class
cl/triskeledu/carrito/dto/UsuarioCreadoDTO.class
cl/triskeledu/carrito/proyecciones/MenuItemProyeccion$MenuItemProyeccionBuilder.class
cl/triskeledu/carrito/service/ClienteKafkaListener.class
cl/triskeledu/carrito/dto/response/CarritoResponseDTO.class
cl/triskeledu/carrito/repository/MenuItemProyeccionRepository.class
cl/triskeledu/carrito/client/AuthFeignClient.class
cl/triskeledu/carrito/dto/response/PermisoResponseDTO.class
cl/triskeledu/carrito/proyecciones/MenuItemProyeccion.class
cl/triskeledu/carrito/exception/CarritoNotFoundException.class
cl/triskeledu/carrito/repository/ClienteProyeccionRepository.class
cl/triskeledu/carrito/dto/event/MenuItemEventDTO.class
