/home/nodead/Escritorio/Restaurant-FullStack-Proyect/Restaurant/ms-carrito/src/main/java/cl/triskeledu/carrito/repository/MenuItemProyeccionRepository.java
/home/nodead/Escritorio/Restaurant-FullStack-Proyect/Restaurant/ms-carrito/src/main/java/cl/triskeledu/carrito/exception/AccesoDenegadoException.java
/home/nodead/Escritorio/Restaurant-FullStack-Proyect/Restaurant/ms-carrito/src/main/java/cl/triskeledu/carrito/service/impl/CarritoServiceImpl.java
/home/nodead/Escritorio/Restaurant-FullStack-Proyect/Restaurant/ms-carrito/src/main/java/cl/triskeledu/carrito/entity/CarritoItem.java
/home/nodead/Escritorio/Restaurant-FullStack-Proyect/Restaurant/ms-carrito/src/main/java/cl/triskeledu/carrito/mapper/CarritoMapper.java
/home/nodead/Escritorio/Restaurant-FullStack-Proyect/Restaurant/ms-carrito/src/main/java/cl/triskeledu/carrito/dto/response/CarritoResponseDTO.java
/home/nodead/Escritorio/Restaurant-FullStack-Proyect/Restaurant/ms-carrito/src/main/java/cl/triskeledu/carrito/proyecciones/ClienteProyeccion.java
/home/nodead/Escritorio/Restaurant-FullStack-Proyect/Restaurant/ms-carrito/src/main/java/cl/triskeledu/carrito/dto/response/PermisoResponseDTO.java
/home/nodead/Escritorio/Restaurant-FullStack-Proyect/Restaurant/ms-carrito/src/main/java/cl/triskeledu/carrito/dto/response/CarritoItemResponseDTO.java
/home/nodead/Escritorio/Restaurant-FullStack-Proyect/Restaurant/ms-carrito/src/main/java/cl/triskeledu/carrito/repository/ClienteProyeccionRepository.java
/home/nodead/Escritorio/Restaurant-FullStack-Proyect/Restaurant/ms-carrito/src/main/java/cl/triskeledu/carrito/service/ClienteKafkaListener.java
/home/nodead/Escritorio/Restaurant-FullStack-Proyect/Restaurant/ms-carrito/src/main/java/cl/triskeledu/carrito/config/CorsConfig.java
/home/nodead/Escritorio/Restaurant-FullStack-Proyect/Restaurant/ms-carrito/src/main/java/cl/triskeledu/carrito/dto/UsuarioCreadoDTO.java
/home/nodead/Escritorio/Restaurant-FullStack-Proyect/Restaurant/ms-carrito/src/main/java/cl/triskeledu/carrito/exception/CarritoNotFoundException.java
/home/nodead/Escritorio/Restaurant-FullStack-Proyect/Restaurant/ms-carrito/src/main/java/cl/triskeledu/carrito/dto/event/ClienteEventDTO.java
/home/nodead/Escritorio/Restaurant-FullStack-Proyect/Restaurant/ms-carrito/src/main/java/cl/triskeledu/carrito/RestaurantCarritoApplication.java
/home/nodead/Escritorio/Restaurant-FullStack-Proyect/Restaurant/ms-carrito/src/main/java/cl/triskeledu/carrito/dto/event/MenuItemEventDTO.java
/home/nodead/Escritorio/Restaurant-FullStack-Proyect/Restaurant/ms-carrito/src/main/java/cl/triskeledu/carrito/repository/CarritoRepository.java
/home/nodead/Escritorio/Restaurant-FullStack-Proyect/Restaurant/ms-carrito/src/main/java/cl/triskeledu/carrito/dto/request/CarritoItemRequestDTO.java
/home/nodead/Escritorio/Restaurant-FullStack-Proyect/Restaurant/ms-carrito/src/main/java/cl/triskeledu/carrito/proyecciones/MenuItemKafkaListener.java
/home/nodead/Escritorio/Restaurant-FullStack-Proyect/Restaurant/ms-carrito/src/main/java/cl/triskeledu/carrito/proyecciones/MenuItemProyeccion.java
/home/nodead/Escritorio/Restaurant-FullStack-Proyect/Restaurant/ms-carrito/src/main/java/cl/triskeledu/carrito/dto/request/CarritoRequestDTO.java
/home/nodead/Escritorio/Restaurant-FullStack-Proyect/Restaurant/ms-carrito/src/main/java/cl/triskeledu/carrito/dto/event/AuthEventDTO.java
/home/nodead/Escritorio/Restaurant-FullStack-Proyect/Restaurant/ms-carrito/src/main/java/cl/triskeledu/carrito/exception/ItemNotFoundException.java
/home/nodead/Escritorio/Restaurant-FullStack-Proyect/Restaurant/ms-carrito/src/main/java/cl/triskeledu/carrito/client/AuthFeignClient.java
/home/nodead/Escritorio/Restaurant-FullStack-Proyect/Restaurant/ms-carrito/src/main/java/cl/triskeledu/carrito/exception/GlobalExceptionHandler.java
/home/nodead/Escritorio/Restaurant-FullStack-Proyect/Restaurant/ms-carrito/src/main/java/cl/triskeledu/carrito/entity/Carrito.java
/home/nodead/Escritorio/Restaurant-FullStack-Proyect/Restaurant/ms-carrito/src/main/java/cl/triskeledu/carrito/service/CarritoService.java
/home/nodead/Escritorio/Restaurant-FullStack-Proyect/Restaurant/ms-carrito/src/main/java/cl/triskeledu/carrito/controller/CarritoController.java
