cl/triskeledu/menu/dto/request/CategoriaRequestDTO$CategoriaRequestDTOBuilder.class
cl/triskeledu/menu/exception/MenuItemNotFoundException.class
cl/triskeledu/menu/proyecciones/InventarioProyeccion.class
cl/triskeledu/menu/exception/GlobalExceptionHandler.class
cl/triskeledu/menu/dto/response/PermisoResponseDTO$PermisoResponseDTOBuilder.class
cl/triskeledu/menu/dto/response/MenuItemResponseDTO.class
cl/triskeledu/menu/controller/CategoriaController.class
cl/triskeledu/menu/proyecciones/InventarioProyeccion$InventarioProyeccionBuilder.class
cl/triskeledu/menu/exception/ItemDuplicadoException.class
cl/triskeledu/menu/entity/Categoria.class
cl/triskeledu/menu/dto/request/CategoriaRequestDTO.class
cl/triskeledu/menu/mapper/CategoriaMapper.class
cl/triskeledu/menu/exception/ItemNoDisponibleException.class
cl/triskeledu/menu/repository/SucursalProyeccionRepository.class
cl/triskeledu/menu/mapper/MenuItemMapper.class
cl/triskeledu/menu/repository/MenuItemRepository.class
cl/triskeledu/menu/dto/request/MenuItemRequestDTO.class
cl/triskeledu/menu/dto/response/PermisoResponseDTO.class
cl/triskeledu/menu/RestaurantMenuApplication.class
cl/triskeledu/menu/service/impl/MenuItemServiceImpl.class
cl/triskeledu/menu/mapper/MenuItemMapperImpl.class
cl/triskeledu/menu/exception/CategoriaNotFoundException.class
cl/triskeledu/menu/dto/response/CategoriaResponseDTO$CategoriaResponseDTOBuilder.class
cl/triskeledu/menu/dto/response/CategoriaResponseDTO.class
cl/triskeledu/menu/service/CategoriaService.class
cl/triskeledu/menu/repository/InventarioProyeccionRepository.class
cl/triskeledu/menu/service/impl/CategoriaServiceImpl.class
cl/triskeledu/menu/dto/request/MenuItemRequestDTO$MenuItemRequestDTOBuilder.class
cl/triskeledu/menu/listener/SucursalEventListener.class
cl/triskeledu/menu/service/MenuItemService.class
cl/triskeledu/menu/entity/Categoria$CategoriaBuilder.class
cl/triskeledu/menu/mapper/CategoriaMapperImpl.class
cl/triskeledu/menu/proyecciones/SucursalProyeccion.class
cl/triskeledu/menu/dto/response/MenuItemResponseDTO$MenuItemResponseDTOBuilder.class
cl/triskeledu/menu/client/AuthFeignClient.class
cl/triskeledu/menu/dto/event/MenuItemEventDTO.class
cl/triskeledu/menu/entity/MenuItem.class
cl/triskeledu/menu/exception/CategoriaDuplicadaException.class
cl/triskeledu/menu/config/CorsConfig.class
cl/triskeledu/menu/controller/MenuItemController.class
cl/triskeledu/menu/entity/MenuItem$MenuItemBuilder.class
cl/triskeledu/menu/repository/CategoriaRepository.class
cl/triskeledu/menu/exception/AccesoDenegadoException.class
cl/triskeledu/menu/dto/event/SucursalEventDTO.class
