/home/nodead/Escritorio/Restaurant-FullStack-Proyect/Restaurant/ms-menu/src/main/java/cl/triskeledu/menu/entity/Categoria.java
/home/nodead/Escritorio/Restaurant-FullStack-Proyect/Restaurant/ms-menu/src/main/java/cl/triskeledu/menu/controller/MenuItemController.java
/home/nodead/Escritorio/Restaurant-FullStack-Proyect/Restaurant/ms-menu/src/main/java/cl/triskeledu/menu/entity/MenuItem.java
/home/nodead/Escritorio/Restaurant-FullStack-Proyect/Restaurant/ms-menu/src/main/java/cl/triskeledu/menu/client/AuthFeignClient.java
/home/nodead/Escritorio/Restaurant-FullStack-Proyect/Restaurant/ms-menu/src/main/java/cl/triskeledu/menu/dto/event/MenuItemEventDTO.java
/home/nodead/Escritorio/Restaurant-FullStack-Proyect/Restaurant/ms-menu/src/main/java/cl/triskeledu/menu/repository/CategoriaRepository.java
/home/nodead/Escritorio/Restaurant-FullStack-Proyect/Restaurant/ms-menu/src/main/java/cl/triskeledu/menu/service/impl/CategoriaServiceImpl.java
/home/nodead/Escritorio/Restaurant-FullStack-Proyect/Restaurant/ms-menu/src/main/java/cl/triskeledu/menu/repository/MenuItemRepository.java
/home/nodead/Escritorio/Restaurant-FullStack-Proyect/Restaurant/ms-menu/src/main/java/cl/triskeledu/menu/dto/response/MenuItemResponseDTO.java
/home/nodead/Escritorio/Restaurant-FullStack-Proyect/Restaurant/ms-menu/src/main/java/cl/triskeledu/menu/exception/ItemDuplicadoException.java
/home/nodead/Escritorio/Restaurant-FullStack-Proyect/Restaurant/ms-menu/src/main/java/cl/triskeledu/menu/exception/CategoriaNotFoundException.java
/home/nodead/Escritorio/Restaurant-FullStack-Proyect/Restaurant/ms-menu/src/main/java/cl/triskeledu/menu/mapper/CategoriaMapper.java
/home/nodead/Escritorio/Restaurant-FullStack-Proyect/Restaurant/ms-menu/src/main/java/cl/triskeledu/menu/exception/ItemNoDisponibleException.java
/home/nodead/Escritorio/Restaurant-FullStack-Proyect/Restaurant/ms-menu/src/main/java/cl/triskeledu/menu/RestaurantMenuApplication.java
/home/nodead/Escritorio/Restaurant-FullStack-Proyect/Restaurant/ms-menu/src/main/java/cl/triskeledu/menu/exception/GlobalExceptionHandler.java
/home/nodead/Escritorio/Restaurant-FullStack-Proyect/Restaurant/ms-menu/src/main/java/cl/triskeledu/menu/dto/response/CategoriaResponseDTO.java
/home/nodead/Escritorio/Restaurant-FullStack-Proyect/Restaurant/ms-menu/src/main/java/cl/triskeledu/menu/dto/event/SucursalEventDTO.java
/home/nodead/Escritorio/Restaurant-FullStack-Proyect/Restaurant/ms-menu/src/main/java/cl/triskeledu/menu/repository/SucursalProyeccionRepository.java
/home/nodead/Escritorio/Restaurant-FullStack-Proyect/Restaurant/ms-menu/src/main/java/cl/triskeledu/menu/service/MenuItemService.java
/home/nodead/Escritorio/Restaurant-FullStack-Proyect/Restaurant/ms-menu/src/main/java/cl/triskeledu/menu/exception/AccesoDenegadoException.java
/home/nodead/Escritorio/Restaurant-FullStack-Proyect/Restaurant/ms-menu/src/main/java/cl/triskeledu/menu/dto/response/PermisoResponseDTO.java
/home/nodead/Escritorio/Restaurant-FullStack-Proyect/Restaurant/ms-menu/src/main/java/cl/triskeledu/menu/controller/CategoriaController.java
/home/nodead/Escritorio/Restaurant-FullStack-Proyect/Restaurant/ms-menu/src/main/java/cl/triskeledu/menu/proyecciones/SucursalProyeccion.java
/home/nodead/Escritorio/Restaurant-FullStack-Proyect/Restaurant/ms-menu/src/main/java/cl/triskeledu/menu/dto/request/MenuItemRequestDTO.java
/home/nodead/Escritorio/Restaurant-FullStack-Proyect/Restaurant/ms-menu/src/main/java/cl/triskeledu/menu/dto/request/CategoriaRequestDTO.java
/home/nodead/Escritorio/Restaurant-FullStack-Proyect/Restaurant/ms-menu/src/main/java/cl/triskeledu/menu/service/CategoriaService.java
/home/nodead/Escritorio/Restaurant-FullStack-Proyect/Restaurant/ms-menu/src/main/java/cl/triskeledu/menu/config/CorsConfig.java
/home/nodead/Escritorio/Restaurant-FullStack-Proyect/Restaurant/ms-menu/src/main/java/cl/triskeledu/menu/mapper/MenuItemMapper.java
/home/nodead/Escritorio/Restaurant-FullStack-Proyect/Restaurant/ms-menu/src/main/java/cl/triskeledu/menu/exception/CategoriaDuplicadaException.java
/home/nodead/Escritorio/Restaurant-FullStack-Proyect/Restaurant/ms-menu/src/main/java/cl/triskeledu/menu/service/impl/MenuItemServiceImpl.java
/home/nodead/Escritorio/Restaurant-FullStack-Proyect/Restaurant/ms-menu/src/main/java/cl/triskeledu/menu/listener/SucursalEventListener.java
/home/nodead/Escritorio/Restaurant-FullStack-Proyect/Restaurant/ms-menu/src/main/java/cl/triskeledu/menu/proyecciones/InventarioProyeccion.java
/home/nodead/Escritorio/Restaurant-FullStack-Proyect/Restaurant/ms-menu/src/main/java/cl/triskeledu/menu/exception/MenuItemNotFoundException.java
/home/nodead/Escritorio/Restaurant-FullStack-Proyect/Restaurant/ms-menu/src/main/java/cl/triskeledu/menu/repository/InventarioProyeccionRepository.java
