cl/triskeledu/delivery/client/AuthFeignClient.class
cl/triskeledu/delivery/dto/event/PedidoEventDTO.class
cl/triskeledu/delivery/service/DeliveryService.class
cl/triskeledu/delivery/dto/event/DeliveryEventDTO$DeliveryEventDTOBuilder.class
cl/triskeledu/delivery/dto/request/DeliveryRequestDTO.class
cl/triskeledu/delivery/dto/request/DeliveryRequestDTO$DeliveryRequestDTOBuilder.class
cl/triskeledu/delivery/listener/PedidoEventListener.class
cl/triskeledu/delivery/exception/EstadoInvalidoException.class
cl/triskeledu/delivery/repository/SucursalProyeccionRepository.class
cl/triskeledu/delivery/dto/response/PermisoResponseDTO$PermisoResponseDTOBuilder.class
cl/triskeledu/delivery/controller/DeliveryController.class
cl/triskeledu/delivery/proyecciones/SucursalProyeccion.class
cl/triskeledu/delivery/proyecciones/PedidoProyeccion.class
cl/triskeledu/delivery/config/CorsConfig.class
cl/triskeledu/delivery/proyecciones/ClienteProyeccion.class
cl/triskeledu/delivery/RestaurantDeliveryApplication.class
cl/triskeledu/delivery/exception/GlobalExceptionHandler.class
cl/triskeledu/delivery/entity/Delivery.class
cl/triskeledu/delivery/dto/response/PermisoResponseDTO.class
cl/triskeledu/delivery/dto/request/AsignarRepartidorDTO.class
cl/triskeledu/delivery/entity/Delivery$DeliveryBuilder.class
cl/triskeledu/delivery/proyecciones/ClienteProyeccion$ClienteProyeccionBuilder.class
cl/triskeledu/delivery/entity/enums/EstadoDelivery.class
cl/triskeledu/delivery/dto/request/AsignarRepartidorDTO$AsignarRepartidorDTOBuilder.class
cl/triskeledu/delivery/exception/AccesoDenegadoException.class
cl/triskeledu/delivery/proyecciones/SucursalProyeccion$SucursalProyeccionBuilder.class
cl/triskeledu/delivery/repository/DeliveryRepository.class
cl/triskeledu/delivery/repository/PedidoProyeccionRepository.class
cl/triskeledu/delivery/mapper/DeliveryMapper.class
cl/triskeledu/delivery/dto/response/DeliveryResponseDTO.class
cl/triskeledu/delivery/dto/event/DeliveryEventDTO.class
cl/triskeledu/delivery/exception/DeliveryNotFoundException.class
cl/triskeledu/delivery/mapper/DeliveryMapperImpl.class
cl/triskeledu/delivery/dto/response/DeliveryResponseDTO$DeliveryResponseDTOBuilder.class
cl/triskeledu/delivery/service/impl/DeliveryServiceImpl.class
