/home/nodead/Escritorio/Restaurant-FullStack-Proyect/Restaurant/ms-delivery/src/main/java/cl/triskeledu/delivery/listener/PedidoEventListener.java
/home/nodead/Escritorio/Restaurant-FullStack-Proyect/Restaurant/ms-delivery/src/main/java/cl/triskeledu/delivery/dto/request/AsignarRepartidorDTO.java
/home/nodead/Escritorio/Restaurant-FullStack-Proyect/Restaurant/ms-delivery/src/main/java/cl/triskeledu/delivery/config/CorsConfig.java
/home/nodead/Escritorio/Restaurant-FullStack-Proyect/Restaurant/ms-delivery/src/main/java/cl/triskeledu/delivery/dto/response/PermisoResponseDTO.java
/home/nodead/Escritorio/Restaurant-FullStack-Proyect/Restaurant/ms-delivery/src/main/java/cl/triskeledu/delivery/repository/PedidoProyeccionRepository.java
/home/nodead/Escritorio/Restaurant-FullStack-Proyect/Restaurant/ms-delivery/src/main/java/cl/triskeledu/delivery/proyecciones/ClienteProyeccion.java
/home/nodead/Escritorio/Restaurant-FullStack-Proyect/Restaurant/ms-delivery/src/main/java/cl/triskeledu/delivery/entity/Delivery.java
/home/nodead/Escritorio/Restaurant-FullStack-Proyect/Restaurant/ms-delivery/src/main/java/cl/triskeledu/delivery/client/AuthFeignClient.java
/home/nodead/Escritorio/Restaurant-FullStack-Proyect/Restaurant/ms-delivery/src/main/java/cl/triskeledu/delivery/dto/response/DeliveryResponseDTO.java
/home/nodead/Escritorio/Restaurant-FullStack-Proyect/Restaurant/ms-delivery/src/main/java/cl/triskeledu/delivery/service/DeliveryService.java
/home/nodead/Escritorio/Restaurant-FullStack-Proyect/Restaurant/ms-delivery/src/main/java/cl/triskeledu/delivery/proyecciones/SucursalProyeccion.java
/home/nodead/Escritorio/Restaurant-FullStack-Proyect/Restaurant/ms-delivery/src/main/java/cl/triskeledu/delivery/exception/EstadoInvalidoException.java
/home/nodead/Escritorio/Restaurant-FullStack-Proyect/Restaurant/ms-delivery/src/main/java/cl/triskeledu/delivery/dto/event/PedidoEventDTO.java
/home/nodead/Escritorio/Restaurant-FullStack-Proyect/Restaurant/ms-delivery/src/main/java/cl/triskeledu/delivery/repository/SucursalProyeccionRepository.java
/home/nodead/Escritorio/Restaurant-FullStack-Proyect/Restaurant/ms-delivery/src/main/java/cl/triskeledu/delivery/controller/DeliveryController.java
/home/nodead/Escritorio/Restaurant-FullStack-Proyect/Restaurant/ms-delivery/src/main/java/cl/triskeledu/delivery/RestaurantDeliveryApplication.java
/home/nodead/Escritorio/Restaurant-FullStack-Proyect/Restaurant/ms-delivery/src/main/java/cl/triskeledu/delivery/proyecciones/PedidoProyeccion.java
/home/nodead/Escritorio/Restaurant-FullStack-Proyect/Restaurant/ms-delivery/src/main/java/cl/triskeledu/delivery/repository/DeliveryRepository.java
/home/nodead/Escritorio/Restaurant-FullStack-Proyect/Restaurant/ms-delivery/src/main/java/cl/triskeledu/delivery/dto/request/DeliveryRequestDTO.java
/home/nodead/Escritorio/Restaurant-FullStack-Proyect/Restaurant/ms-delivery/src/main/java/cl/triskeledu/delivery/exception/GlobalExceptionHandler.java
/home/nodead/Escritorio/Restaurant-FullStack-Proyect/Restaurant/ms-delivery/src/main/java/cl/triskeledu/delivery/exception/DeliveryNotFoundException.java
/home/nodead/Escritorio/Restaurant-FullStack-Proyect/Restaurant/ms-delivery/src/main/java/cl/triskeledu/delivery/exception/AccesoDenegadoException.java
/home/nodead/Escritorio/Restaurant-FullStack-Proyect/Restaurant/ms-delivery/src/main/java/cl/triskeledu/delivery/dto/event/DeliveryEventDTO.java
/home/nodead/Escritorio/Restaurant-FullStack-Proyect/Restaurant/ms-delivery/src/main/java/cl/triskeledu/delivery/entity/enums/EstadoDelivery.java
/home/nodead/Escritorio/Restaurant-FullStack-Proyect/Restaurant/ms-delivery/src/main/java/cl/triskeledu/delivery/mapper/DeliveryMapper.java
/home/nodead/Escritorio/Restaurant-FullStack-Proyect/Restaurant/ms-delivery/src/main/java/cl/triskeledu/delivery/service/impl/DeliveryServiceImpl.java
